mysql> create database college_Management_System;                                                                                                     
Query OK, 1 row affected (0.06 sec)                                                                                                                   
                                                                                                                                                      
mysql> use college_Management_System                                                                                                                  
Database changed                                                                                                                                      
mysql> create table designation_Masters(Design_code integer, Design_name varchar(20));                                                                
Query OK, 0 rows affected (0.26 sec)                                                                                                                  
                                                                                                                                                      
mysql> desc designation_Masters;                                                                                                                      
+-------------+-------------+------+-----+---------+-------+                                                                                          
| Field       | Type        | Null | Key | Default | Extra |                                                                                          
+-------------+-------------+------+-----+---------+-------+                                                                                          
| Design_code | int         | YES  |     | NULL    |       |                                                                                          
| Design_name | varchar(20) | YES  |     | NULL    |       |                                                                                          
+-------------+-------------+------+-----+---------+-------+                                                                                          
2 rows in set (0.00 sec)                                                                                                                              
                                                                                                                                                      
mysql> alter table designation_Masters add constrains primary key (Design_code);                                                                      
ERROR 1064 (42000): You have an error in your SQL syntax; check the manual that corresponds to your MySQL server version for the right syntax to use n
mary key (Design_code)' at line 1                                                                                                                     
mysql> alter table designation_Masters add constraint primary key (Design_code);                                                                      
Query OK, 0 rows affected (0.57 sec)                                                                                                                  
Records: 0  Duplicates: 0  Warnings: 0                                                                                                                
                                                                                                                                                      
mysql> create table department_masters(dept_code integer, dept_name varchar(20));                                                                     
Query OK, 0 rows affected (0.20 sec)                                                                                                                  
                                                                                                                                                      
mysql> alter table department_masters add constraint primary key(dept_code);                                                                          
Query OK, 0 rows affected (0.47 sec)                                                                                                                  
Records: 0  Duplicates: 0  Warnings: 0                                                                                                                
                                                                                                                                                      
mysql> desc department_masters;                                                                                                                       
+-----------+-------------+------+-----+---------+-------+                                                                                            
| Field     | Type        | Null | Key | Default | Extra |                                                                                            
+-----------+-------------+------+-----+---------+-------+                                                                                            
| dept_code | int         | NO   | PRI | NULL    |       |                                                                                            
| dept_name | varchar(20) | YES  |     | NULL    |       |                                                                                            
+-----------+-------------+------+-----+---------+-------+                                                                                            
2 rows in set (0.00 sec)                                                                                                                              
                                                                                                                                                      
mysql> create table student_masters_table(student_code integer,student_name varchar(50),dept_code integer,student_dob date,student_address varchar(40)
Query OK, 0 rows affected (0.47 sec)                                                                                                                  
                                                                                                                                                      
mysql> alter table student_masters_table add primary key(student_code);                                                                               
Query OK, 0 rows affected (0.58 sec)                                                                                                                  
Records: 0  Duplicates: 0  Warnings: 0                                                                                                                
                                                                                                                                                      
mysql> delete table student_master_table;                                                                                                             
ERROR 1064 (42000): You have an error in your SQL syntax; check the manual that corresponds to your MySQL server version for the right syntax to use n
le student_master_table' at line 1                                                                                                                    
mysql> delete table student_masters_table;                                                                                                            
ERROR 1064 (42000): You have an error in your SQL syntax; check the manual that corresponds to your MySQL server version for the right syntax to use n
le student_masters_table' at line 1                                                                                                                   
mysql> drop table student_masters_table;                                                                                                              
Query OK, 0 rows affected (0.33 sec)                                                                                                                  
                                                                                                                                                      
mysql> desc college_Management_System                                                                                                                 
    -> ;                                                                                                                                              
ERROR 1146 (42S02): Table 'college_management_system.college_management_system' doesn't exist                                                         
mysql> show tables;                                                                                                                                   
+-------------------------------------+                                                                                                               
| Tables_in_college_management_system |                                                                                                               
+-------------------------------------+                                                                                                               
| department_masters                  |                                                                                                               
| designation_masters                 |                                                                                                               
+-------------------------------------+                                                                                                               
2 rows in set (0.00 sec)                                                                                                                              
                                                                                                                                                      
mysql> create table student_masters_table(student_code integer,student_name varchar(50)NOT NULL,dept_code integer,student_dob date,student_address var
);                                                                                                                                                    
Query OK, 0 rows affected (0.20 sec)                                                                                                                  
                                                                                                                                                      
mysql> desc student_masters_table;                                                                                                                    
+-----------------+-------------+------+-----+---------+-------+                                                                                      
| Field           | Type        | Null | Key | Default | Extra |                                                                                      
+-----------------+-------------+------+-----+---------+-------+                                                                                      
| student_code    | int         | YES  |     | NULL    |       |                                                                                      
| student_name    | varchar(50) | NO   |     | NULL    |       |                                                                                      
| dept_code       | int         | YES  |     | NULL    |       |                                                                                      
| student_dob     | date        | YES  |     | NULL    |       |                                                                                      
| student_address | varchar(40) | YES  |     | NULL    |       |                                                                                      
+-----------------+-------------+------+-----+---------+-------+                                                                                      
5 rows in set (0.00 sec)                                                                                                                              
                                                                                                                                                      
mysql> alter table student_masters_table add primary key(student_code);                                                                               
Query OK, 0 rows affected (0.43 sec)                                                                                                                  
Records: 0  Duplicates: 0  Warnings: 0                                                                                                                
                                                                                                                                                      
mysql> create table student_marks(student_code integer,student_year integer NOT NULL,subject1 integer,subject2 integer,subject3 integer);             
Query OK, 0 rows affected (0.18 sec)                                                                                                                  
                                                                                                                                                      
mysql> create table staff_masters(staff_code integer,staff_name varchar(20)NOT NULL,design_code integer,dept_code integer,hiredate date,staff_dob date
ddress varchar(30),mgr_code integer,staff_sal integer);                                                                                               
Query OK, 0 rows affected (0.22 sec)                                                                                                                  
                                                                                                                                                      
mysql> alter table staff_masters add constraint primary key(staff_code);                                                                              
Query OK, 0 rows affected (0.52 sec)                                                                                                                  
Records: 0  Duplicates: 0  Warnings: 0                                                                                                                
                                                                                                                                                      
mysql> desc staff_masters;                                                                                                                            
+---------------+-------------+------+-----+---------+-------+                                                                                        
| Field         | Type        | Null | Key | Default | Extra |                                                                                        
+---------------+-------------+------+-----+---------+-------+                                                                                        
| staff_code    | int         | NO   | PRI | NULL    |       |                                                                                        
| staff_name    | varchar(20) | NO   |     | NULL    |       |                                                                                        
| design_code   | int         | YES  |     | NULL    |       |                                                                                        
| dept_code     | int         | YES  |     | NULL    |       |                                                                                        
| hiredate      | date        | YES  |     | NULL    |       |                                                                                        
| staff_dob     | date        | YES  |     | NULL    |       |                                                                                        
| staff_address | varchar(30) | YES  |     | NULL    |       |                                                                                        
| mgr_code      | int         | YES  |     | NULL    |       |                                                                                        
| staff_sal     | int         | YES  |     | NULL    |       |                                                                                        
+---------------+-------------+------+-----+---------+-------+                                                                                        
9 rows in set (0.00 sec)                                                                                                                              
                                                                                                                                                      
mysql> create table book_masters(book_code integer,book_name varchar(50)NOT NULL,book_pub_year integer,book_pub_author varchar(50)NOT NULL);          
Query OK, 0 rows affected (0.19 sec)                                                                                                                  
                                                                                                                                                      
mysql> alter table book_masters add constraint primary key(book_code);                                                                                
Query OK, 0 rows affected (0.49 sec)                                                                                                                  
Records: 0  Duplicates: 0  Warnings: 0                                                                                                                
                                                                                                                                                      
mysql> create table book_transactions(book_code integer,student_code integer,staff_code integer,book_issue_date date NOT NULL,book_expected_return_dat
OT NULL,book_actual_return_date date);                                                                                                                
Query OK, 0 rows affected (0.19 sec)                                                                                                                  
                                                                                                                                                      
mysql> alter table student_marks add constraint fkstudentmarks foreign key(student_code) references student_masters_table(student_code);              
Query OK, 0 rows affected (0.87 sec)                                                                                                                  
Records: 0  Duplicates: 0  Warnings: 0                                                                                                                
                                                                                                                                                      
mysql> desc student_marks;                                                                                                                            
+--------------+------+------+-----+---------+-------+                                                                                                
| Field        | Type | Null | Key | Default | Extra |                                                                                                
+--------------+------+------+-----+---------+-------+                                                                                                
| student_code | int  | YES  | MUL | NULL    |       |                                                                                                
| student_year | int  | NO   |     | NULL    |       |                                                                                                
| subject1     | int  | YES  |     | NULL    |       |                                                                                                
| subject2     | int  | YES  |     | NULL    |       |                                                                                                
| subject3     | int  | YES  |     | NULL    |       |                                                                                                
+--------------+------+------+-----+---------+-------+                                                                                                
5 rows in set (0.00 sec)                                                                                                                              
                                                                                                                                                      
mysql> alter table book_transactions add constraint fkbooktrans foreign key(book_code) references book_masters(book_code);                            
Query OK, 0 rows affected (0.62 sec)                                                                                                                  
Records: 0  Duplicates: 0  Warnings: 0                                                                                                                
                                                                                                                                                      
mysql> alter table book_transactions add constraint fkbook foreign key()^C                                                                            
mysql> alter table book_transactions add constraint fkbook foreign key(student_code)references student_masters_table(student_code);                   
Query OK, 0 rows affected (1.02 sec)                                                                                                                  
Records: 0  Duplicates: 0  Warnings: 0                                                                                                                
                                                                                                                                                      
mysql> alter table book_transactions add constraint fkbooks foreign key(staff_code)references staff_masters(staff_code);                              
Query OK, 0 rows affected (0.80 sec)                                                                                                                  
Records: 0  Duplicates: 0  Warnings: 0                                                                                                                
       alter table book_transactions add constraint fkbook foreign key(s)                                                                             
mysql> desc designation_master;                                                                                                                       
ERROR 1146 (42S02): Table 'college_management_system.designation_master' doesn't exist                                                                
mysql> show tables;                                                                                                                                   
+-------------------------------------+                                                                                                               
| Tables_in_college_management_system |                                                                                                               
+-------------------------------------+                                                                                                               
| book_masters                        |                                                                                                               
| book_transactions                   |                                                                                                               
| department_masters                  |                                                                                                               
| designation_masters                 |                                                                                                               
| staff_masters                       |                                                                                                               
| student_marks                       |                                                                                                               
| student_masters_table               |                                                                                                               
+-------------------------------------+                                                                                                               
7 rows in set (0.00 sec)                                                                                                                              
                                                                                                                                                      
mysql> desc designation_masters;                                                                                                                      
+-------------+-------------+------+-----+---------+-------+                                                                                          
| Field       | Type        | Null | Key | Default | Extra |                                                                                          
+-------------+-------------+------+-----+---------+-------+                                                                                          
| Design_code | int         | NO   | PRI | NULL    |       |                                                                                          
| Design_name | varchar(20) | YES  |     | NULL    |       |                                                                                          
+-------------+-------------+------+-----+---------+-------+                                                                                          
2 rows in set (0.00 sec)                                                                                                                              
                                                                                                                                                      
mysql> desc department_masters;                                                                                                                       
+-----------+-------------+------+-----+---------+-------+                                                                                            
| Field     | Type        | Null | Key | Default | Extra |                                                                                            
+-----------+-------------+------+-----+---------+-------+                                                                                            
| dept_code | int         | NO   | PRI | NULL    |       |                                                                                            
| dept_name | varchar(20) | YES  |     | NULL    |       |                                                                                            
+-----------+-------------+------+-----+---------+-------+                                                                                            
2 rows in set (0.00 sec)                                                                                                                              
                                                                                                                                                      
mysql>                                                                                                                                                
mysql> desc student_masters_table;                                                                                                                    
+-----------------+-------------+------+-----+---------+-------+                                                                                      
| Field           | Type        | Null | Key | Default | Extra |                                                                                      
+-----------------+-------------+------+-----+---------+-------+                                                                                      
| student_code    | int         | NO   | PRI | NULL    |       |                                                                                      
| student_name    | varchar(50) | NO   |     | NULL    |       |                                                                                      
| dept_code       | int         | YES  |     | NULL    |       |                                                                                      
| student_dob     | date        | YES  |     | NULL    |       |                                                                                      
| student_address | varchar(40) | YES  |     | NULL    |       |                                                                                      
+-----------------+-------------+------+-----+---------+-------+                                                                                      
5 rows in set (0.00 sec)                                                                                                                              
                                                                                                                                                      
mysql> desc student_marks;                                                                                                                            
+--------------+------+------+-----+---------+-------+                                                                                                
| Field        | Type | Null | Key | Default | Extra |                                                                                                
+--------------+------+------+-----+---------+-------+                                                                                                
| student_code | int  | YES  | MUL | NULL    |       |                                                                                                
| student_year | int  | NO   |     | NULL    |       |                                                                                                
| subject1     | int  | YES  |     | NULL    |       |                                                                                                
| subject2     | int  | YES  |     | NULL    |       |                                                                                                
| subject3     | int  | YES  |     | NULL    |       |                                                                                                
+--------------+------+------+-----+---------+-------+                                                                                                
5 rows in set (0.00 sec)                                                                                                                              
                                                                                                                                                      
mysql> desc staff_masters;\                                                                                                                           
+---------------+-------------+------+-----+---------+-------+                                                                                        
| Field         | Type        | Null | Key | Default | Extra |                                                                                        
+---------------+-------------+------+-----+---------+-------+                                                                                        
| staff_code    | int         | NO   | PRI | NULL    |       |                                                                                        
| staff_name    | varchar(20) | NO   |     | NULL    |       |                                                                                        
| design_code   | int         | YES  |     | NULL    |       |                                                                                        
| dept_code     | int         | YES  |     | NULL    |       |                                                                                        
| hiredate      | date        | YES  |     | NULL    |       |                                                                                        
| staff_dob     | date        | YES  |     | NULL    |       |                                                                                        
| staff_address | varchar(30) | YES  |     | NULL    |       |                                                                                        
| mgr_code      | int         | YES  |     | NULL    |       |                                                                                        
| staff_sal     | int         | YES  |     | NULL    |       |                                                                                        
+---------------+-------------+------+-----+---------+-------+                                                                                        
9 rows in set (0.00 sec)                                                                                                                              
                                                                                                                                                      
mysql> desc book_masters;                                                                                                                             
+-----------------+-------------+------+-----+---------+-------+                                                                                      
| Field           | Type        | Null | Key | Default | Extra |                                                                                      
+-----------------+-------------+------+-----+---------+-------+                                                                                      
| book_code       | int         | NO   | PRI | NULL    |       |                                                                                      
| book_name       | varchar(50) | NO   |     | NULL    |       |                                                                                      
| book_pub_year   | int         | YES  |     | NULL    |       |                                                                                      
| book_pub_author | varchar(50) | NO   |     | NULL    |       |                                                                                      
+-----------------+-------------+------+-----+---------+-------+                                                                                      
4 rows in set (0.00 sec)                                                                                                                              
                                                                                                                                                      
mysql> desc book_transactions;                                                                                                                        
+---------------------------+------+------+-----+---------+-------+                                                                                   
| Field                     | Type | Null | Key | Default | Extra |                                                                                   
+---------------------------+------+------+-----+---------+-------+                                                                                   
| book_code                 | int  | YES  | MUL | NULL    |       |                                                                                   
| student_code              | int  | YES  | MUL | NULL    |       |                                                                                   
| staff_code                | int  | YES  | MUL | NULL    |       |                                                                                   
| book_issue_date           | date | NO   |     | NULL    |       |                                                                                   
| book_expected_return_date | date | NO   |     | NULL    |       |                                                                                   
| book_actual_return_date   | date | YES  |     | NULL    |       |                                                                                   
+---------------------------+------+------+-----+---------+-------+                                                                                   
6 rows in set (0.00 sec)                                                                                                                              
                                                                                                                                                      
mysql> alter table student_maters_code constraint fksmc foreign key(dept_code) references department_masters(dept_code);                              
ERROR 1064 (42000): You have an error in your SQL syntax; check the manual that corresponds to your MySQL server version for the right syntax to use n
straint fksmc foreign key(dept_code) references department_masters(dept_code)' at line 1                                                              
mysql> alter table student_maters_code add constraint fksmc foreign key(dept_code) references department_masters(dept_code);                          
ERROR 1146 (42S02): Table 'college_management_system.student_maters_code' doesn't exist                                                               
mysql> ^C                                                                                                                                             
mysql> ^C                                                                                                                                             
mysql> ^C                                                                                                                                             
mysql> alter table student_maters_table add constraint fksmc foreign key(dept_code) references department_masters(dept_code);                         
ERROR 1146 (42S02): Table 'college_management_system.student_maters_table' doesn't exist                                                              
mysql> ^C                                                                                                                                             
mysql> ^C                                                                                                                                             
mysql> ^C                                                                                                                                             
mysql> ^C                                                                                                                                             
mysql> ^C                                                                                                                                             
mysql> ^C                                                                                                                                             
mysql> ^C                                                                                                                                             
mysql> ^C                                                                                                                                             
mysql> ^C                                                                                                                                             
mysql>                                                                                                                                                
mysql>                                                                                                                                                
mysql>                                                                                                                                                
mysql>                                                                                                                                                
mysql>                                                                                                                                                
mysql>                                                                                                                                                
mysql>                                                                                                                                                
mysql>                                                                                                                                                
mysql>                                                                                                                                                
mysql> alter table student_masters_table add constraint fksmt foreign key(dept_code)references department_masters(dept_code);                         
Query OK, 0 rows affected (0.48 sec)                                                                                                                  
Records: 0  Duplicates: 0  Warnings: 0                                                                                                                
                                                                                                                                                      
mysql> desc student_masters_table;                                                                                                                    
+-----------------+-------------+------+-----+---------+-------+                                                                                      
| Field           | Type        | Null | Key | Default | Extra |                                                                                      
+-----------------+-------------+------+-----+---------+-------+                                                                                      
| student_code    | int         | NO   | PRI | NULL    |       |                                                                                      
| student_name    | varchar(50) | NO   |     | NULL    |       |                                                                                      
| dept_code       | int         | YES  | MUL | NULL    |       |                                                                                      
| student_dob     | date        | YES  |     | NULL    |       |                                                                                      
| student_address | varchar(40) | YES  |     | NULL    |       |                                                                                      
+-----------------+-------------+------+-----+---------+-------+                                                                                      
5 rows in set (0.00 sec)                                                                                                                              
                                                                                                                                                      
mysql> desc designation_tableable;                                                                                                                    
ERROR 1146 (42S02): Table 'college_management_system.designation_tableable' doesn't exist                                                             
mysql> desc designation_table;                                                                                                                        
ERROR 1146 (42S02): Table 'college_management_system.designation_table' doesn't exist                                                                 
mysql> desc designation_masters;                                                                                                                      
+-------------+-------------+------+-----+---------+-------+                                                                                          
| Field       | Type        | Null | Key | Default | Extra |                                                                                          
+-------------+-------------+------+-----+---------+-------+                                                                                          
| Design_code | int         | NO   | PRI | NULL    |       |                                                                                          
| Design_name | varchar(20) | YES  |     | NULL    |       |                                                                                          
+-------------+-------------+------+-----+---------+-------+                                                                                          
2 rows in set (0.00 sec)                                                                                                                              
                                                                                                                                                      
mysql> desc department_masters;                                                                                                                       
+-----------+-------------+------+-----+---------+-------+                                                                                            
| Field     | Type        | Null | Key | Default | Extra |                                                                                            
+-----------+-------------+------+-----+---------+-------+                                                                                            
| dept_code | int         | NO   | PRI | NULL    |       |                                                                                            
| dept_name | varchar(20) | YES  |     | NULL    |       |                                                                                            
+-----------+-------------+------+-----+---------+-------+                                                                                            
2 rows in set (0.00 sec)                                                                                                                              
                                                                                                                                                      
mysql> desc student_masters_table;                                                                                                                    
+-----------------+-------------+------+-----+---------+-------+                                                                                      
| Field           | Type        | Null | Key | Default | Extra |                                                                                      
+-----------------+-------------+------+-----+---------+-------+                                                                                      
| student_code    | int         | NO   | PRI | NULL    |       |                                                                                      
| student_name    | varchar(50) | NO   |     | NULL    |       |                                                                                      
| dept_code       | int         | YES  | MUL | NULL    |       |                                                                                      
| student_dob     | date        | YES  |     | NULL    |       |                                                                                      
| student_address | varchar(40) | YES  |     | NULL    |       |                                                                                      
+-----------------+-------------+------+-----+---------+-------+                                                                                      
5 rows in set (0.00 sec)                                                                                                                              
                                                                                                                                                      
mysql> desc student_marks;                                                                                                                            
+--------------+------+------+-----+---------+-------+                                                                                                
| Field        | Type | Null | Key | Default | Extra |                                                                                                
+--------------+------+------+-----+---------+-------+                                                                                                
| student_code | int  | YES  | MUL | NULL    |       |                                                                                                
| student_year | int  | NO   |     | NULL    |       |                                                                                                
| subject1     | int  | YES  |     | NULL    |       |                                                                                                
| subject2     | int  | YES  |     | NULL    |       |                                                                                                
| subject3     | int  | YES  |     | NULL    |       |                                                                                                
+--------------+------+------+-----+---------+-------+                                                                                                
5 rows in set (0.00 sec)                                                                                                                              
                                                                                                                                                      
mysql> desc staff_masters;                                                                                                                            
+---------------+-------------+------+-----+---------+-------+                                                                                        
| Field         | Type        | Null | Key | Default | Extra |                                                                                        
+---------------+-------------+------+-----+---------+-------+                                                                                        
| staff_code    | int         | NO   | PRI | NULL    |       |                                                                                        
| staff_name    | varchar(20) | NO   |     | NULL    |       |                                                                                        
| design_code   | int         | YES  |     | NULL    |       |                                                                                        
| dept_code     | int         | YES  |     | NULL    |       |                                                                                        
| hiredate      | date        | YES  |     | NULL    |       |                                                                                        
| staff_dob     | date        | YES  |     | NULL    |       |                                                                                        
| staff_address | varchar(30) | YES  |     | NULL    |       |                                                                                        
| mgr_code      | int         | YES  |     | NULL    |       |                                                                                        
| staff_sal     | int         | YES  |     | NULL    |       |                                                                                        
+---------------+-------------+------+-----+---------+-------+                                                                                        
9 rows in set (0.00 sec)                                                                                                                              
                                                                                                                                                      
mysql> alter table staff_masters add constraint fksm foreign key(dept_code)references department_masters(dept_code);                                  
Query OK, 0 rows affected (0.48 sec)                                                                                                                  
Records: 0  Duplicates: 0  Warnings: 0                                                                                                                
                                                                                                                                                      
mysql> desc staff_masters;                                                                                                                            
+---------------+-------------+------+-----+---------+-------+                                                                                        
| Field         | Type        | Null | Key | Default | Extra |                                                                                        
+---------------+-------------+------+-----+---------+-------+                                                                                        
| staff_code    | int         | NO   | PRI | NULL    |       |                                                                                        
| staff_name    | varchar(20) | NO   |     | NULL    |       |                                                                                        
| design_code   | int         | YES  |     | NULL    |       |                                                                                        
| dept_code     | int         | YES  | MUL | NULL    |       |                                                                                        
| hiredate      | date        | YES  |     | NULL    |       |                                                                                        
| staff_dob     | date        | YES  |     | NULL    |       |                                                                                        
| staff_address | varchar(30) | YES  |     | NULL    |       |                                                                                        
| mgr_code      | int         | YES  |     | NULL    |       |                                                                                        
| staff_sal     | int         | YES  |     | NULL    |       |                                                                                        
+---------------+-------------+------+-----+---------+-------+                                                                                        
9 rows in set (0.00 sec)                                                                                                                              
                                                                                                                                                      
mysql> desc book_masters;                                                                                                                             
+-----------------+-------------+------+-----+---------+-------+                                                                                      
| Field           | Type        | Null | Key | Default | Extra |                                                                                      
+-----------------+-------------+------+-----+---------+-------+                                                                                      
| book_code       | int         | NO   | PRI | NULL    |       |                                                                                      
| book_name       | varchar(50) | NO   |     | NULL    |       |                                                                                      
| book_pub_year   | int         | YES  |     | NULL    |       |                                                                                      
| book_pub_author | varchar(50) | NO   |     | NULL    |       |                                                                                      
+-----------------+-------------+------+-----+---------+-------+                                                                                      
4 rows in set (0.00 sec)                                                                                                                              
                                                                                                                                                      
mysql> desc book_transcations;                                                                                                                        
ERROR 1146 (42S02): Table 'college_management_system.book_transcations' doesn't exist                                                                 
mysql> desc book_transactions                                                                                                                         
    -> ;                                                                                                                                              
+---------------------------+------+------+-----+---------+-------+                                                                                   
| Field                     | Type | Null | Key | Default | Extra |                                                                                   
+---------------------------+------+------+-----+---------+-------+                                                                                   
| book_code                 | int  | YES  | MUL | NULL    |       |                                                                                   
| student_code              | int  | YES  | MUL | NULL    |       |                                                                                   
| staff_code                | int  | YES  | MUL | NULL    |       |                                                                                   
| book_issue_date           | date | NO   |     | NULL    |       |                                                                                   
| book_expected_return_date | date | NO   |     | NULL    |       |                                                                                   
| book_actual_return_date   | date | YES  |     | NULL    |       |                                                                                   
+---------------------------+------+------+-----+---------+-------+                                                                                   
6 rows in set (0.00 sec)                                                                                                                              
                                                                                                                                                      
mysql> desc designation_masters;                                                                                                                      
+-------------+-------------+------+-----+---------+-------+                                                                                          
| Field       | Type        | Null | Key | Default | Extra |                                                                                          
+-------------+-------------+------+-----+---------+-------+                                                                                          
| Design_code | int         | NO   | PRI | NULL    |       |                                                                                          
| Design_name | varchar(20) | YES  |     | NULL    |       |                                                                                          
+-------------+-------------+------+-----+---------+-------+                                                                                          
2 rows in set (0.00 sec)                                                                                                                              
                                                                                                                                                      
mysql> desc department_masters;                                                                                                                       
+-----------+-------------+------+-----+---------+-------+                                                                                            
| Field     | Type        | Null | Key | Default | Extra |                                                                                            
+-----------+-------------+------+-----+---------+-------+                                                                                            
| dept_code | int         | NO   | PRI | NULL    |       |                                                                                            
| dept_name | varchar(20) | YES  |     | NULL    |       |                                                                                            
+-----------+-------------+------+-----+---------+-------+                                                                                            
2 rows in set (0.00 sec)                                                                                                                              
                                                                                                                                                      
mysql> desc student_masters_table;                                                                                                                    
+-----------------+-------------+------+-----+---------+-------+                                                                                      
| Field           | Type        | Null | Key | Default | Extra |                                                                                      
+-----------------+-------------+------+-----+---------+-------+                                                                                      
| student_code    | int         | NO   | PRI | NULL    |       |                                                                                      
| student_name    | varchar(50) | NO   |     | NULL    |       |                                                                                      
| dept_code       | int         | YES  | MUL | NULL    |       |                                                                                      
| student_dob     | date        | YES  |     | NULL    |       |                                                                                      
| student_address | varchar(40) | YES  |     | NULL    |       |                                                                                      
+-----------------+-------------+------+-----+---------+-------+                                                                                      
5 rows in set (0.00 sec)                                                                                                                              
                                                                                                                                                      
mysql> desc student_marks;                                                                                                                            
+--------------+------+------+-----+---------+-------+                                                                                                
| Field        | Type | Null | Key | Default | Extra |                                                                                                
+--------------+------+------+-----+---------+-------+                                                                                                
| student_code | int  | YES  | MUL | NULL    |       |                                                                                                
| student_year | int  | NO   |     | NULL    |       |                                                                                                
| subject1     | int  | YES  |     | NULL    |       |                                                                                                
| subject2     | int  | YES  |     | NULL    |       |                                                                                                
| subject3     | int  | YES  |     | NULL    |       |                                                                                                
+--------------+------+------+-----+---------+-------+                                                                                                
5 rows in set (0.00 sec)                                                                                                                              
                                                                                                                                                      
mysql> desc staff_masters;                                                                                                                            
+---------------+-------------+------+-----+---------+-------+                                                                                        
| Field         | Type        | Null | Key | Default | Extra |                                                                                        
+---------------+-------------+------+-----+---------+-------+                                                                                        
| staff_code    | int         | NO   | PRI | NULL    |       |                                                                                        
| staff_name    | varchar(20) | NO   |     | NULL    |       |                                                                                        
| design_code   | int         | YES  |     | NULL    |       |                                                                                        
| dept_code     | int         | YES  | MUL | NULL    |       |                                                                                        
| hiredate      | date        | YES  |     | NULL    |       |                                                                                        
| staff_dob     | date        | YES  |     | NULL    |       |                                                                                        
| staff_address | varchar(30) | YES  |     | NULL    |       |                                                                                        
| mgr_code      | int         | YES  |     | NULL    |       |                                                                                        
| staff_sal     | int         | YES  |     | NULL    |       |                                                                                        
+---------------+-------------+------+-----+---------+-------+                                                                                        
9 rows in set (0.00 sec)                                                                                                                              
                                                                                                                                                      
mysql> desc book_masters;                                                                                                                             
+-----------------+-------------+------+-----+---------+-------+                                                                                      
| Field           | Type        | Null | Key | Default | Extra |                                                                                      
+-----------------+-------------+------+-----+---------+-------+                                                                                      
| book_code       | int         | NO   | PRI | NULL    |       |                                                                                      
| book_name       | varchar(50) | NO   |     | NULL    |       |                                                                                      
| book_pub_year   | int         | YES  |     | NULL    |       |                                                                                      
| book_pub_author | varchar(50) | NO   |     | NULL    |       |                                                                                      
+-----------------+-------------+------+-----+---------+-------+                                                                                      
4 rows in set (0.00 sec)                                                                                                                              
                                                                                                                                                      
mysql> desc book_transations;                                                                                                                         
ERROR 1146 (42S02): Table 'college_management_system.book_transations' doesn't exist                                                                  
mysql> desc book_transactions;                                                                                                                        
+---------------------------+------+------+-----+---------+-------+                                                                                   
| Field                     | Type | Null | Key | Default | Extra |                                                                                   
+---------------------------+------+------+-----+---------+-------+                                                                                   
| book_code                 | int  | YES  | MUL | NULL    |       |                                                                                   
| student_code              | int  | YES  | MUL | NULL    |       |                                                                                   
| staff_code                | int  | YES  | MUL | NULL    |       |                                                                                   
| book_issue_date           | date | NO   |     | NULL    |       |                                                                                   
| book_expected_return_date | date | NO   |     | NULL    |       |                                                                                   
| book_actual_return_date   | date | YES  |     | NULL    |       |                                                                                   
+---------------------------+------+------+-----+---------+-------+                                                                                   
6 rows in set (0.00 sec)                                                                                                                              
                                                                                                                                                      
mysql> insert into designation_masters values(10, 'Lecturer');                                                                                        
Query OK, 1 row affected (0.05 sec)                                                                                                                   
                                                                                                                                                      
mysql> insert into designation_masters values(20, 'Professor');                                                                                       
Query OK, 1 row affected (0.02 sec)                                                                                                                   
                                                                                                                                                      
mysql> insert into designation_masters values(30, 'Teacher');                                                                                         
Query OK, 1 row affected (0.03 sec)                                                                                                                   
                                                                                                                                                      
mysql> insert into designation_masters values(40, 'Lab Assistant');                                                                                   
Query OK, 1 row affected (0.03 sec)                                                                                                                   
                                                                                                                                                      
mysql> insert into designation_masters values(50, 'Doctor');                                                                                          
Query OK, 1 row affected (0.03 sec)                                                                                                                   
                                                                                                                                                      
mysql> select* from designation_masters;                                                                                                              
+-------------+---------------+                                                                                                                       
| Design_code | Design_name   |                                                                                                                       
+-------------+---------------+                                                                                                                       
|          10 | Lecturer      |                                                                                                                       
|          20 | Professor     |                                                                                                                       
|          30 | Teacher       |                                                                                                                       
|          40 | Lab Assistant |                                                                                                                       
|          50 | Doctor        |                                                                                                                       
+-------------+---------------+                                                                                                                       
5 rows in set (0.00 sec)                                                                                                                              
                                                                                                                                                      
mysql> insert into department_masters values(101, 'biology');                                                                                         
Query OK, 1 row affected (0.03 sec)                                                                                                                   
                                                                                                                                                      
mysql> insert into department_masters values(102, 'physics');                                                                                         
Query OK, 1 row affected (0.04 sec)                                                                                                                   
                                                                                                                                                      
mysql> insert into department_masters values(103, 'chemistry');                                                                                       
Query OK, 1 row affected (0.03 sec)                                                                                                                   
                                                                                                                                                      
mysql> insert into department_masters values(104, 'maths');                                                                                           
Query OK, 1 row affected (0.03 sec)                                                                                                                   
                                                                                                                                                      
mysql> select* from department_masters;                                                                                                               
+-----------+-----------+                                                                                                                             
| dept_code | dept_name |                                                                                                                             
+-----------+-----------+                                                                                                                             
|       101 | biology   |                                                                                                                             
|       102 | physics   |                                                                                                                             
|       103 | chemistry |                                                                                                                             
|       104 | maths     |                                                                                                                             
+-----------+-----------+                                                                                                                             
4 rows in set (0.00 sec)                                                                                                                              
                                                                                                                                                      
mysql> insert into student_masters_table values(201, 'Adarsh', 103, '2002-01-08', 'pune');                                                            
Query OK, 1 row affected (0.03 sec)                                                                                                                   
                                                                                                                                                      
mysql> select* from student_masters_table;                                                                                                            
+--------------+--------------+-----------+-------------+-----------------+                                                                           
| student_code | student_name | dept_code | student_dob | student_address |                                                                           
+--------------+--------------+-----------+-------------+-----------------+                                                                           
|          201 | Adarsh       |       103 | 2002-01-08  | pune            |                                                                           
+--------------+--------------+-----------+-------------+-----------------+                                                                           
1 row in set (0.00 sec)                                                                                                                               
                                                                                                                                                      
mysql> insert into student_masters_table values(202, 'Akash', 104, '2001-04-11', 'thane');                                                            
Query OK, 1 row affected (0.03 sec)                                                                                                                   
                                                                                                                                                      
mysql> insert into student_masters_table values(203, 'Mihir', 101, '2002-01-19', 'pune');                                                             
Query OK, 1 row affected (0.03 sec)                                                                                                                   
                                                                                                                                                      
mysql> insert into student_masters_table values(204, 'Ishwari', 103, '2003-04-03', 'Nashik');                                                         
Query OK, 1 row affected (0.04 sec)                                                                                                                   
                                                                                                                                                      
mysql> insert into student_masters_table values(205, 'Mohit', 102, '2001-07-01', 'kalyan');                                                           
Query OK, 1 row affected (0.10 sec)                                                                                                                   
                                                                                                                                                      
mysql> insert into student_masters_table values(206, 'Ojas', 102, '2002-01-08', 'ratnagiri');                                                         
Query OK, 1 row affected (0.03 sec)                                                                                                                   
                                                                                                                                                      
mysql> insert into student_masters_table values(207, 'Raj', 104, '2004-09-01', 'satara');                                                             
Query OK, 1 row affected (0.03 sec)                                                                                                                   
                                                                                                                                                      
mysql> insert into student_masters_table values(208, 'Venky', 101, '1999-10-21', 'Nashik');                                                           
Query OK, 1 row affected (0.09 sec)                                                                                                                   
                                                                                                                                                      
mysql> select*from student_masters_table:                                                                                                             
    -> ;                                                                                                                                              
ERROR 1064 (42000): You have an error in your SQL syntax; check the manual that corresponds to your MySQL server version for the right syntax to use n
at line 1                                                                                                                                             
mysql> select*from student_masters_table;                                                                                                             
+--------------+--------------+-----------+-------------+-----------------+                                                                           
| student_code | student_name | dept_code | student_dob | student_address |                                                                           
+--------------+--------------+-----------+-------------+-----------------+                                                                           
|          201 | Adarsh       |       103 | 2002-01-08  | pune            |                                                                           
|          202 | Akash        |       104 | 2001-04-11  | thane           |                                                                           
|          203 | Mihir        |       101 | 2002-01-19  | pune            |                                                                           
|          204 | Ishwari      |       103 | 2003-04-03  | Nashik          |                                                                           
|          205 | Mohit        |       102 | 2001-07-01  | kalyan          |                                                                           
|          206 | Ojas         |       102 | 2002-01-08  | ratnagiri       |                                                                           
|          207 | Raj          |       104 | 2004-09-01  | satara          |                                                                           
|          208 | Venky        |       101 | 1999-10-21  | Nashik          |                                                                           
+--------------+--------------+-----------+-------------+-----------------+                                                                           
8 rows in set (0.00 sec)                                                                                                                              
                                                                                                                                                      
mysql> insert into student_marks values(201, 2, 66,72,75);                                                                                            
Query OK, 1 row affected (0.04 sec)                                                                                                                   
                                                                                                                                                      
mysql> select*from student_marks:                                                                                                                     
    -> ^C                                                                                                                                             
mysql> select*from student_marks;                                                                                                                     
+--------------+--------------+----------+----------+----------+                                                                                      
| student_code | student_year | subject1 | subject2 | subject3 |                                                                                      
+--------------+--------------+----------+----------+----------+                                                                                      
|          201 |            2 |       66 |       72 |       75 |                                                                                      
+--------------+--------------+----------+----------+----------+                                                                                      
1 row in set (0.00 sec)                                                                                                                               
                                                                                                                                                      
mysql> insert into student_marks values(202, 1, 90,88,85);                                                                                            
Query OK, 1 row affected (0.05 sec)                                                                                                                   
                                                                                                                                                      
mysql> insert into student_marks values(203,3,45,40,48);                                                                                              
Query OK, 1 row affected (0.04 sec)                                                                                                                   
                                                                                                                                                      
mysql> insert into student_marks values(204,4,60,70,71);                                                                                              
Query OK, 1 row affected (0.08 sec)                                                                                                                   
                                                                                                                                                      
mysql> insert into student_marks values(205,1,80,90,82);                                                                                              
Query OK, 1 row affected (0.03 sec)                                                                                                                   
                                                                                                                                                      
mysql> insert into student_marks values(206,4,24,36,34);                                                                                              
Query OK, 1 row affected (0.31 sec)                                                                                                                   
                                                                                                                                                      
mysql> insert into student_marks values(207,3,95,97,92);                                                                                              
Query OK, 1 row affected (0.03 sec)                                                                                                                   
                                                                                                                                                      
mysql> insert into student_marks values(208,2,57,60,65);                                                                                              
Query OK, 1 row affected (0.03 sec)                                                                                                                   
                                                                                                                                                      
mysql> select*from student_marks:                                                                                                                     
    -> select*from student_marks:^C                                                                                                                   
mysql> select*from student_marks;                                                                                                                     
+--------------+--------------+----------+----------+----------+                                                                                      
| student_code | student_year | subject1 | subject2 | subject3 |                                                                                      
+--------------+--------------+----------+----------+----------+                                                                                      
|          201 |            2 |       66 |       72 |       75 |                                                                                      
|          202 |            1 |       90 |       88 |       85 |                                                                                      
|          203 |            3 |       45 |       40 |       48 |                                                                                      
|          204 |            4 |       60 |       70 |       71 |                                                                                      
|          205 |            1 |       80 |       90 |       82 |                                                                                      
|          206 |            4 |       24 |       36 |       34 |                                                                                      
|          207 |            3 |       95 |       97 |       92 |                                                                                      
|          208 |            2 |       57 |       60 |       65 |                                                                                      
+--------------+--------------+----------+----------+----------+                                                                                      
8 rows in set (0.00 sec)                                                                                                                              
                                                                                                                                                      
mysql> insert into staff_masters values(301,'tushar',10,102,'2020-11-12','1996-11-12','pune',401,55000);                                              
Query OK, 1 row affected (0.03 sec)                                                                                                                   
                                                                                                                                                      
mysql> insert into staff_masters values(302,'alan',10,104,'2019-01-19','1992-12-01','thane',301,59000);                                               
Query OK, 1 row affected (0.03 sec)                                                                                                                   
                                                                                                                                                      
mysql> insert into staff_masters values(303,'vishal',20,102,'2017-11-21','1995-11-21','ratnagiri',301,72000);                                         
Query OK, 1 row affected (0.03 sec)                                                                                                                   
                                                                                                                                                      
mysql> insert into staff_masters values(304,'pramod',30,101,'2022-09-11','1994-03-16','pune',302,90000);                                              
Query OK, 1 row affected (0.03 sec)                                                                                                                   
                                                                                                                                                      
mysql> insert into staff_masters values(305,'gaurav',50,104,'2023-01-01','2000-03-11','delhi',302,95000);                                             
Query OK, 1 row affected (0.03 sec)                                                                                                                   
                                                                                                                                                      
mysql> insert into staff_masters values(306,'pooja',40,103,'2024-06-09','1997-06-26','satara',301,79000);                                             
Query OK, 1 row affected (0.03 sec)                                                                                                                   
                                                                                                                                                      
mysql> select * from staff_master;                                                                                                                    
ERROR 1146 (42S02): Table 'college_management_system.staff_master' doesn't exist                                                                      
mysql> select * from staff_masters;                                                                                                                   
+------------+------------+-------------+-----------+------------+------------+---------------+----------+-----------+                                
| staff_code | staff_name | design_code | dept_code | hiredate   | staff_dob  | staff_address | mgr_code | staff_sal |                                
+------------+------------+-------------+-----------+------------+------------+---------------+----------+-----------+                                
|        301 | tushar     |          10 |       102 | 2020-11-12 | 1996-11-12 | pune          |      401 |     55000 |                                
|        302 | alan       |          10 |       104 | 2019-01-19 | 1992-12-01 | thane         |      301 |     59000 |                                
|        303 | vishal     |          20 |       102 | 2017-11-21 | 1995-11-21 | ratnagiri     |      301 |     72000 |                                
|        304 | pramod     |          30 |       101 | 2022-09-11 | 1994-03-16 | pune          |      302 |     90000 |                                
|        305 | gaurav     |          50 |       104 | 2023-01-01 | 2000-03-11 | delhi         |      302 |     95000 |                                
|        306 | pooja      |          40 |       103 | 2024-06-09 | 1997-06-26 | satara        |      301 |     79000 |                                
+------------+------------+-------------+-----------+------------+------------+---------------+----------+-----------+                                
6 rows in set (0.00 sec)                                                                                                                              
                                                                                                                                                      
mysql> insert into book_masters values(701,'general physics',2001,'O.R.Sannak');                                                                      
Query OK, 1 row affected (0.03 sec)                                                                                                                   
                                                                                                                                                      
mysql> insert into book_masters values(702,'cell biology',2003,'M.R.Harne');                                                                          
Query OK, 1 row affected (0.02 sec)                                                                                                                   
                                                                                                                                                      
mysql> insert into book_masters values(703,'organic chemistry',2010,'V.R.Salunke');                                                                   
Query OK, 1 row affected (0.02 sec)                                                                                                                   
                                                                                                                                                      
mysql> insert into book_masters values(704,'Thomas Calculas',2007,'A.X.Halake');                                                                      
Query OK, 1 row affected (0.03 sec)                                                                                                                   
                                                                                                                                                      
mysql> insert into book_masters values(705,'All Chemistry',1998,'R.K.Patnaik');                                                                       
Query OK, 1 row affected (0.02 sec)                                                                                                                   
                                                                                                                                                      
mysql> insert into book_masters values(706,'Inorganic Chemistry',1995,'T.B.Kute');                                                                    
Query OK, 1 row affected (0.02 sec)                                                                                                                   
                                                                                                                                                      
mysql> select*from book_masters;                                                                                                                      
+-----------+---------------------+---------------+-----------------+                                                                                 
| book_code | book_name           | book_pub_year | book_pub_author |                                                                                 
+-----------+---------------------+---------------+-----------------+                                                                                 
|       701 | general physics     |          2001 | O.R.Sannak      |                                                                                 
|       702 | cell biology        |          2003 | M.R.Harne       |                                                                                 
|       703 | organic chemistry   |          2010 | V.R.Salunke     |                                                                                 
|       704 | Thomas Calculas     |          2007 | A.X.Halake      |                                                                                 
|       705 | All Chemistry       |          1998 | R.K.Patnaik     |                                                                                 
|       706 | Inorganic Chemistry |          1995 | T.B.Kute        |                                                                                 
+-----------+---------------------+---------------+-----------------+                                                                                 
6 rows in set (0.00 sec)                                                                                                                              
                                                                                                                                                      
mysql> show tables;                                                                                                                                   
+-------------------------------------+                                                                                                               
| Tables_in_college_management_system |                                                                                                               
+-------------------------------------+                                                                                                               
| book_masters                        |                                                                                                               
| book_transactions                   |                                                                                                               
| department_masters                  |                                                                                                               
| designation_masters                 |                                                                                                               
| staff_masters                       |                                                                                                               
| student_marks                       |                                                                                                               
| student_masters_table               |                                                                                                               
+-------------------------------------+                                                                                                               
7 rows in set (0.00 sec)                                                                                                                              
                                                                                                                                                      
mysql> insert into book_transactions values(703,201,306,'2024-09-11','2024-09-17','2024-09-19');                                                      
Query OK, 1 row affected (0.04 sec)                                                                                                                   
                                                                                                                                                      
mysql> insert into book_transactions values(704,205,305,'2024-08-23','2024-09-01','2024-09-03');                                                      
Query OK, 1 row affected (0.04 sec)                                                                                                                   
                                                                                                                                                      
mysql> insert into book_transactions values(706,208,306,'2023-11-12','2023-11-19','2023-11-15');                                                      
Query OK, 1 row affected (0.02 sec)                                                                                                                   
                                                                                                                                                      
mysql> insert into book_transactions values(701,203,301,'2024-06-11','2024-07-11','2024-06-20');                                                      
Query OK, 1 row affected (0.04 sec)                                                                                                                   
                                                                                                                                                      
mysql> select*from book_transactions;                                                                                                                 
+-----------+--------------+------------+-----------------+---------------------------+-------------------------+                                     
| book_code | student_code | staff_code | book_issue_date | book_expected_return_date | book_actual_return_date |                                     
+-----------+--------------+------------+-----------------+---------------------------+-------------------------+                                     
|       703 |          201 |        306 | 2024-09-11      | 2024-09-17                | 2024-09-19              |                                     
|       704 |          205 |        305 | 2024-08-23      | 2024-09-01                | 2024-09-03              |                                     
|       706 |          208 |        306 | 2023-11-12      | 2023-11-19                | 2023-11-15              |                                     
|       701 |          203 |        301 | 2024-06-11      | 2024-07-11                | 2024-06-20              |                                     
+-----------+--------------+------------+-----------------+---------------------------+-------------------------+                                     
4 rows in set (0.00 sec)                                                                                                                              